Error type 5 at Line 18: unmatching types on both sides of assignment operator
Error type 13 at Line 18: acessing member of non-structure variable
Error type 13 at Line 18: acessing member of non-structure variable
Error type 13 at Line 19: acessing member of non-structure variable
Error type 5 at Line 19: unmatching types on both sides of assignment operator
Error type 13 at Line 19: acessing member of non-structure variable
Error type 13 at Line 19: acessing member of non-structure variable
Error type 5 at Line 20: unmatching types on both sides of assignment operator
Error type 13 at Line 20: acessing member of non-structure variable
