Error type 8 at Line 3: the function's return value type mismatches the declared type
Error type 2 at Line 8: function invoked without definition
Error type 5 at Line 8: unmatching types on both sides of assignment operator
