Error type B at Line 4: semi ';' is expected
Parsing failed!
