Error type B at Line 10: parenthesis ')' is expected
Error type B at Line 12: semi ';' is expected
Error type B at Line 12: semi ';' is expected
Parsing failed!
