Error type B at Line 5: semi ';' is expected
Error type B at Line 5: semi ';' is expected
Parsing failed!
