Error type 7 at Line 7: unmatching operands
Error type 7 at Line 13: unmatching operands
