Error type 7 at Line 3: unmatching operands
Error type 7 at Line 10: unmatching operands
