Error type 7 at Line 3: unmatching operands
Error type 7 at Line 9: unmatching operands
Error type 7 at Line 10: unmatching operands
Error type 7 at Line 15: unmatching operands
