Error type 7 at Line 3: unmatching operands
Error type 11 at Line 12: applying function invocation operator on non-function names
