Error type 3 at Line 6: variable is redefined in the same scope
Error type 5 at Line 6: unmatching types on both sides of assignment operator
