Error type 5 at Line 5: unmatching types on both sides of assignment operator
