Error type 5 at Line 15: unmatching types on both sides of assignment operator
