Error type A at Line 7: unknown lexeme |
Error type B at Line 7: semi ';' is expected
Error type B at Line 7: semi ';' is expected
Parsing failed!
