TYPE int
ID test_1_o01
LP
RP
LC
TYPE int
ID _wrong_hex_int_1
ASSIGN
INT 0x77
ID G
SEMI
TYPE int
ID _wrong_hex_int_2
ASSIGN
INT 0xC
ID S
SEMI
TYPE int
ID _right_hex_int
ASSIGN
INT 0xdeadbeef
SEMI
TYPE char
ID _right_hex_char
ASSIGN
CHAR '\xa0'
SEMI
TYPE char
ID _wrong_hex_char_1
ASSIGN
Error type A at Line 1: Unknown characters '''
Error type A at Line 1: Unknown characters '\'
ID x6u
Error type A at Line 1: Unknown characters '''
SEMI
TYPE char
ID _wrong_hex_char_2
ASSIGN
Error type A at Line 1: Unknown characters '''
Error type A at Line 1: Unknown characters '\'
ID x910
Error type A at Line 1: Unknown characters '''
SEMI
RC
