Error type 14 at Line 10: accessing an undefined structure member
Error type 5 at Line 10: unmatching types on both sides of assignment operator
Error type 14 at Line 12: accessing an undefined structure member
Error type 5 at Line 12: unmatching types on both sides of assignment operator
