TYPE int
ID test_1_o03
LP
TYPE int
ID m
COMMA
TYPE int
ID n
RP
LC
TYPE int
ID max
SEMI
IF
LP
ID m
GT
ID n
RP
LC
ID max
ASSIGN
ID m
SEMI
RC
ELSE
LC
ID max
ASSIGN
ID n
SEMI
RC
RETURN
ID max
SEMI
RC
